[   0.000][v][cplayer] Command line options: '/tmp/webtorrent/Deadwood The Movie (2019) [WEBRip] [1080p] [YTS.AM]/Deadwood.The.Movie.2019.1080p.WEBRip.x264-[YTS.AM].mp4'
[   0.000][v][cplayer] mpv v0.41.0-922-gf4d13e1c2 Copyright © 2000-2026 mpv/MPlayer/mplayer2 projects
[   0.000][v][cplayer]  built on Aug 12 2026 15:59:39
[   0.000][v][cplayer] libplacebo version: v7.371.0 (v7.360.0-111-g22ee762e)
[   0.000][v][cplayer] FFmpeg version: N-126108-g445cba7f4c
[   0.000][v][cplayer] FFmpeg library versions:
[   0.000][v][cplayer]    libavcodec      63.7.100
[   0.000][v][cplayer]    libavdevice     63.2.100
[   0.000][v][cplayer]    libavfilter     12.3.101
[   0.000][v][cplayer]    libavformat     63.6.100
[   0.000][v][cplayer]    libavutil       61.5.100
[   0.000][v][cplayer]    libswresample   7.2.100
[   0.000][v][cplayer]    libswscale      10.2.100
[   0.000][v][cplayer] Configuration: -Dbuildtype=release -Dlua=luajit -Djavascript=enabled -Dvapoursynth=enabled -Dlibarchive=enabled -Drubberband=enabled -Doptimization=3 -Db_lto=true -Db_pgo=use '-Dc_args=-march=native -mtune=native -pipe' '-Dcpp_args=-march=native -mtune=native -pipe' -Dc_link_args=-fuse-ld=lld -Dcpp_link_args=-fuse-ld=lld -Dalsa=enabled -Dpulse=enabled -Dpipewire=enabled
[   0.000][v][cplayer] List of enabled features: alsa build-date clone cplugins cuda-hwaccel cuda-interop dmabuf-interop-gl dmabuf-wayland dvbin dvdnav egl egl-wayland egl-x11 ffmpeg ffnvcodec gl glibc-thread-name glob glob-posix gpl iconv javascript jpeg lcms2 libarchive libass libavdevice libbluray libcurl libdl libplacebo linux-fstatfs luajit memfd-create memrchr pipewire posix posix-shm ppoll pthread-condattr-setclock pulse rubberband rubberband-3 uchardet vaapi vaapi-wayland vaapi-x11 vapoursynth vdpau vector vk-khr-display vt.h vulkan wayland wayland-protocols-1-39 wayland-protocols-1-41 wayland-protocols-1-44 wayland-protocols-1-47 x11 x11-clipboard xv zimg zimg-st428 zlib
[   0.000][d][global] home path: '' -> '/home/tay/.config/mpv'
[   0.000][d][global] user path: '~~home/' -> '/home/tay/.config/mpv'
[   0.000][d][global] user path: '~~old_home/' -> '/home/tay/.mpv'
[   0.000][d][global] config path: 'encoding-profiles.conf' -/-> '/home/tay/.config/mpv/encoding-profiles.conf'
[   0.000][d][global] config path: 'encoding-profiles.conf' -/-> '/home/tay/.mpv/encoding-profiles.conf'
[   0.000][d][global] config path: 'encoding-profiles.conf' -/-> '/usr/local/etc/mpv/encoding-profiles.conf'
[   0.000][d][global] config path: 'mpv.conf' -> '/home/tay/.config/mpv/mpv.conf'
[   0.000][d][global] config path: 'config' -/-> '/home/tay/.config/mpv/config'
[   0.000][d][global] config path: 'mpv.conf' -/-> '/home/tay/.mpv/mpv.conf'
[   0.000][d][global] config path: 'config' -/-> '/home/tay/.mpv/config'
[   0.000][d][global] config path: 'mpv.conf' -/-> '/usr/local/etc/mpv/mpv.conf'
[   0.000][d][global] config path: 'config' -/-> '/usr/local/etc/mpv/config'
[   0.000][v][cplayer] Reading config file /home/tay/.config/mpv/mpv.conf
[   0.000][v][ifo_dvdnav] Opening /home/tay/.config/mpv/mpv.conf
[   0.000][v][bdmv/bluray] Opening /home/tay/.config/mpv/mpv.conf
[   0.000][v][file] Opening /home/tay/.config/mpv/mpv.conf
[   0.000][d][file] resize stream to 131072 bytes, drop 0 bytes
[   0.000][d][file] Stream opened successfully.
[   0.000][w][cplayer] Option vf-remove: item label @svp not found.
[   0.000][w][cplayer] Option vf-remove: item label @svp not found.
[   0.000][w][cplayer] Option af-toggle: Label audio-tweak not found
[   0.000][w][cplayer] Option vf-toggle: Label svp not found
[   0.000][v][cplayer] Applying profile 'default'...
[   0.000][v][cplayer] Setting option 'input-ipc-server' = '/tmp/mpvsocket' (flags = 4)
[   0.000][v][cplayer] Setting option 'hwdec' = 'auto-copy' (flags = 4)
[   0.000][v][cplayer] Setting option 'hwdec-codecs' = 'all' (flags = 4)
[   0.000][v][cplayer] Setting option 'vo' = 'gpu-next' (flags = 4)
[   0.000][v][cplayer] Setting option 'profile' = 'gpu-hq' (flags = 4)
[   0.000][v][cplayer] Applying profile 'gpu-hq'...
[   0.000][v][cplayer] Setting option 'profile' = 'high-quality' (flags = 4)
[   0.000][v][cplayer] Applying profile 'high-quality'...
[   0.000][v][cplayer] Setting option 'scale' = 'ewa_lanczossharp' (flags = 4)
[   0.000][v][cplayer] Setting option 'scale-antiring' = '0.6' (flags = 4)
[   0.000][v][cplayer] Setting option 'hdr-peak-percentile' = '99.995' (flags = 4)
[   0.000][v][cplayer] Setting option 'hdr-contrast-recovery' = '0.30' (flags = 4)
[   0.000][v][cplayer] Setting option 'scale' = 'ewa_lanczos' (flags = 4)
[   0.000][v][cplayer] Setting option 'gpu-api' = 'vulkan' (flags = 4)
[   0.000][v][cplayer] Setting option 'save-position-on-quit' = '' (flags = 4)
[   0.000][v][cplayer] Setting option 'hr-seek-framedrop' = 'no' (flags = 4)
[   0.000][v][cplayer] Setting option 'log-file' = 'C:\Logs\mpv.log' (flags = 4)
[   0.000][v][cplayer] Setting option 'audio-channels' = '2.1,stereo' (flags = 4)
[   0.000][v][cplayer] Setting option 'ad-lavc-downmix' = 'yes' (flags = 4)
[   0.000][v][cplayer] Setting option 'alang' = 'eng,en,enUS,en-us,ENG,EN,EN-US,en-gb,jpn,jp' (flags = 4)
[   0.000][v][cplayer] Setting option 'slang' = 'eng,en,enUS,en-us,ENG,EN,EN-US,en-gb' (flags = 4)
[   0.000][v][cplayer] Setting option 'reset-on-next-file' = 'pause' (flags = 4)
[   0.000][v][cplayer] Setting option 'window-scale' = '1' (flags = 4)
[   0.000][v][cplayer] Setting option 'autofit-larger' = '75%' (flags = 4)
[   0.000][v][cplayer] Setting option 'autofit-smaller' = '858x480' (flags = 4)
[   0.000][v][cplayer] Setting option 'osd-bar' = 'no' (flags = 4)
[   0.000][v][cplayer] Setting option 'osd-duration' = '500' (flags = 4)
[   0.000][v][cplayer] Setting option 'osd-font' = 'DejaVu Sans' (flags = 4)
[   0.000][v][cplayer] Setting option 'fullscreen' = '' (flags = 4)
[   0.000][v][cplayer] Setting option 'autocreate-playlist' = 'same' (flags = 4)
[   0.000][v][cplayer] Setting option 'write-filename-in-watch-later-config' = '' (flags = 4)
[   0.000][v][cplayer] Setting option 'save-watch-history' = '' (flags = 4)
[   0.000][v][cplayer] Setting option 'ytdl' = 'yes' (flags = 4)
[   0.000][v][cplayer] Setting option 'ytdl-format' = 'bestvideo[height<=?1080]+bestaudio/best' (flags = 4)
[   0.000][v][cplayer] Setting option 'demuxer-max-bytes' = '262144000' (flags = 4)
[   0.000][v][cplayer] Setting option 'demuxer-max-back-bytes' = '262144000' (flags = 4)
[   0.000][v][cplayer] Setting option 'cache' = 'yes' (flags = 4)
[   0.000][v][cplayer] Setting option 'cache-secs' = '3600' (flags = 4)
[   0.000][v][cplayer] Setting option 'force-seekable' = 'yes' (flags = 4)
[   0.000][v][cplayer] Setting option 'prefetch-playlist' = 'yes' (flags = 4)
[   0.000][v][cplayer] Setting option 'ytdl-raw-options' = 'embed-chapters=,embed-subs=,sub-langs=^en.*,write-subs=,write-auto-subs=' (flags = 4)
[   0.000][v][cplayer] Setting option 'screenshot-format' = 'png' (flags = 4)
[   0.000][v][cplayer] Setting option 'screenshot-high-bit-depth' = 'yes' (flags = 4)
[   0.000][v][cplayer] Setting option 'screenshot-png-compression' = '3' (flags = 4)
[   0.000][v][cplayer] Setting option 'screenshot-directory' = '%USERPROFILE%\Pictures\mpv' (flags = 4)
[   0.000][v][cplayer] Setting option 'deband' = 'no' (flags = 4)
[   0.000][v][cplayer] Setting option 'deband-iterations' = '2' (flags = 4)
[   0.000][v][cplayer] Setting option 'deband-threshold' = '35' (flags = 4)
[   0.000][v][cplayer] Setting option 'deband-range' = '20' (flags = 4)
[   0.000][v][cplayer] Setting option 'deband-grain' = '5' (flags = 4)
[   0.000][v][cplayer] Setting option 'dither-depth' = 'auto' (flags = 4)
[   0.000][v][cplayer] Setting option 'volume' = '100' (flags = 4)
[   0.000][v][cplayer] Setting option 'volume-max' = '130' (flags = 4)
[   0.000][v][cplayer] Setting option 'demuxer-mkv-subtitle-preroll' = 'yes' (flags = 4)
[   0.000][v][cplayer] Setting option 'sub-auto' = 'fuzzy' (flags = 4)
[   0.000][v][cplayer] Setting option 'sub-font' = 'DejaVu Sans' (flags = 4)
[   0.000][v][cplayer] Setting option 'sub-bold' = 'yes' (flags = 4)
[   0.000][v][cplayer] Setting option 'sub-ass-force-margins' = '' (flags = 4)
[   0.000][v][cplayer] Setting option 'sub-ass-scale-with-window' = '' (flags = 4)
[   0.000][v][cplayer] Setting option 'script-opts' = 'ytdl_hook-ytdl_path=yt-dlp.exe' (flags = 4)
[   0.000][v][cplayer] Setting option 'target-colorspace-hint' = 'yes' (flags = 4)
[   0.000][d][global] config path: 'input.conf' -> '/home/tay/.config/mpv/input.conf'
[   0.000][d][global] config path: 'input.conf' -/-> '/home/tay/.mpv/input.conf'
[   0.000][d][global] config path: 'input.conf' -/-> '/usr/local/etc/mpv/input.conf'
[   0.000][v][ifo_dvdnav] Opening /home/tay/.config/mpv/input.conf
[   0.000][v][bdmv/bluray] Opening /home/tay/.config/mpv/input.conf
[   0.000][v][file] Opening /home/tay/.config/mpv/input.conf
[   0.000][d][file] resize stream to 131072 bytes, drop 0 bytes
[   0.000][d][file] Stream opened successfully.
[   0.000][v][input] Parsing input config file /home/tay/.config/mpv/input.conf
[   0.000][v][input] Input config file /home/tay/.config/mpv/input.conf parsed: 134 binds
[   0.003][v][cplayer] mpv v0.41.0-922-gf4d13e1c2 Copyright © 2000-2026 mpv/MPlayer/mplayer2 projects
[   0.003][v][cplayer]  built on Aug 12 2026 15:59:39
[   0.003][v][cplayer] libplacebo version: v7.371.0 (v7.360.0-111-g22ee762e)
[   0.003][v][cplayer] FFmpeg version: N-126108-g445cba7f4c
[   0.003][v][cplayer] FFmpeg library versions:
[   0.003][v][cplayer]    libavcodec      63.7.100
[   0.003][v][cplayer]    libavdevice     63.2.100
[   0.003][v][cplayer]    libavfilter     12.3.101
[   0.003][v][cplayer]    libavformat     63.6.100
[   0.003][v][cplayer]    libavutil       61.5.100
[   0.003][v][cplayer]    libswresample   7.2.100
[   0.003][v][cplayer]    libswscale      10.2.100
[   0.003][v][cplayer] Configuration: -Dbuildtype=release -Dlua=luajit -Djavascript=enabled -Dvapoursynth=enabled -Dlibarchive=enabled -Drubberband=enabled -Doptimization=3 -Db_lto=true -Db_pgo=use '-Dc_args=-march=native -mtune=native -pipe' '-Dcpp_args=-march=native -mtune=native -pipe' -Dc_link_args=-fuse-ld=lld -Dcpp_link_args=-fuse-ld=lld -Dalsa=enabled -Dpulse=enabled -Dpipewire=enabled
[   0.003][v][cplayer] List of enabled features: alsa build-date clone cplugins cuda-hwaccel cuda-interop dmabuf-interop-gl dmabuf-wayland dvbin dvdnav egl egl-wayland egl-x11 ffmpeg ffnvcodec gl glibc-thread-name glob glob-posix gpl iconv javascript jpeg lcms2 libarchive libass libavdevice libbluray libcurl libdl libplacebo linux-fstatfs luajit memfd-create memrchr pipewire posix posix-shm ppoll pthread-condattr-setclock pulse rubberband rubberband-3 uchardet vaapi vaapi-wayland vaapi-x11 vapoursynth vdpau vector vk-khr-display vt.h vulkan wayland wayland-protocols-1-39 wayland-protocols-1-41 wayland-protocols-1-44 wayland-protocols-1-47 x11 x11-clipboard xv zimg zimg-st428 zlib
[   0.003][d][osc] Loading lua script @osc.lua...
[   0.003][d][ytdl_hook] Loading lua script @ytdl_hook.lua...
[   0.003][d][stats] Loading lua script @stats.lua...
[   0.003][d][console] Loading lua script @console.lua...
[   0.003][d][auto_profiles] Loading lua script @auto_profiles.lua...
[   0.003][d][select] Loading lua script @select.lua...
[   0.003][d][positioning] Loading lua script @positioning.lua...
[   0.003][d][commands] Loading lua script @commands.lua...
[   0.003][d][context_menu] Loading lua script @context_menu.lua...
[   0.003][d][stats] loading mp.defaults
[   0.003][d][osc] loading mp.defaults
[   0.003][d][auto_profiles] loading mp.defaults
[   0.003][d][ytdl_hook] loading mp.defaults
[   0.003][d][console] loading mp.defaults
[   0.003][d][positioning] loading mp.defaults
[   0.003][d][commands] loading mp.defaults
[   0.003][d][select] loading mp.defaults
[   0.003][v][clipboard/wayland] Registered interface wl_seat at version 8
[   0.003][v][clipboard/wayland] Compositor doesn't support the ext_data_control_manager_v1 protocol!
[   0.003][v][clipboard/wayland] Deregistering seat 0x10
[   0.003][v][clipboard/x11] Stopping init due to suspected wayland environment
[   0.003][v][clipboard] Initialized vo clipboard backend.
[   0.003][d][stats] loading @stats.lua
[   0.003][d][ytdl_hook] loading @ytdl_hook.lua
[   0.003][d][osc] loading @osc.lua
[   0.003][d][auto_profiles] loading @auto_profiles.lua
[   0.003][d][console] loading @console.lua
[   0.003][d][positioning] loading @positioning.lua
[   0.004][d][select] loading @select.lua
[   0.004][d][commands] loading @commands.lua
[   0.004][d][positioning] reading options for positioning
[   0.004][d][global] config path: 'script-opts/positioning.conf' -/-> '/home/tay/.config/mpv/script-opts/positioning.conf'
[   0.004][d][global] config path: 'script-opts/positioning.conf' -/-> '/home/tay/.mpv/script-opts/positioning.conf'
[   0.004][d][global] config path: 'script-opts/positioning.conf' -/-> '/usr/local/etc/mpv/script-opts/positioning.conf'
[   0.004][d][positioning] script-opts/positioning.conf not found.
[   0.004][d][ytdl_hook] reading options for ytdl_hook
[   0.004][d][global] config path: 'script-opts/ytdl_hook.conf' -/-> '/home/tay/.config/mpv/script-opts/ytdl_hook.conf'
[   0.004][d][global] config path: 'script-opts/ytdl_hook.conf' -/-> '/home/tay/.mpv/script-opts/ytdl_hook.conf'
[   0.004][d][global] config path: 'script-opts/ytdl_hook.conf' -/-> '/usr/local/etc/mpv/script-opts/ytdl_hook.conf'
[   0.004][d][ytdl_hook] script-opts/ytdl_hook.conf not found.
[   0.004][d][global] config path: 'scripts' -> '/home/tay/.config/mpv/scripts'
[   0.004][d][global] config path: 'scripts' -/-> '/home/tay/.mpv/scripts'
[   0.004][d][global] config path: 'scripts' -/-> '/usr/local/etc/mpv/scripts'
[   0.004][v][ipc] Starting IPC master
[   0.004][d][context_menu] loading mp.defaults
[   0.004][d][select] reading options for select
[   0.004][d][global] config path: 'script-opts/select.conf' -/-> '/home/tay/.config/mpv/script-opts/select.conf'
[   0.004][d][global] config path: 'script-opts/select.conf' -/-> '/home/tay/.mpv/script-opts/select.conf'
[   0.004][d][global] config path: 'script-opts/select.conf' -/-> '/usr/local/etc/mpv/script-opts/select.conf'
[   0.004][d][select] script-opts/select.conf not found.
[   0.004][d][youtube_search] Loading lua script /home/tay/.config/mpv/scripts/youtube-search.lua...
[   0.004][v][ipc] Listening to IPC socket.
[   0.004][d][on_top_only_while_playing] Loading lua script /home/tay/.config/mpv/scripts/on_top_only_while_playing.lua...
[   0.004][d][autosave] Loading lua script /home/tay/.config/mpv/scripts/autosave.lua...
[   0.004][d][test_python] Loading lua script /home/tay/.config/mpv/scripts/test_python.lua...
[   0.004][d][manager] Loading lua script /home/tay/.config/mpv/scripts/manager.lua...
[   0.004][d][select_custom] Loading lua script /home/tay/.config/mpv/scripts/select-custom.lua...
[   0.004][d][youtube_search] loading mp.defaults
[   0.004][d][SmartSkip] Loading lua script /home/tay/.config/mpv/scripts/SmartSkip.lua...
[   0.004][d][pdf_hook] Loading lua script /home/tay/.config/mpv/scripts/pdf_hook.lua...
[   0.004][d][on_top_only_while_playing] loading mp.defaults
[   0.004][d][dynamic_crop] Loading lua script /home/tay/.config/mpv/scripts/dynamic-crop.lua...
[   0.004][d][test_python] loading mp.defaults
[   0.004][d][user_input] Loading lua script /home/tay/.config/mpv/scripts/user-input.lua...
[   0.005][d][autosave] loading mp.defaults
[   0.005][d][manager] loading mp.defaults
[   0.005][d][osd_clock] Loading lua script /home/tay/.config/mpv/scripts/osd-clock.lua...
[   0.005][d][mpv_reload] Loading lua script /home/tay/.config/mpv/scripts/mpv-reload/main.lua...
[   0.005][d][mpv_anilist_updater] Loading lua script /home/tay/.config/mpv/scripts/mpv-anilist-updater/main.lua...
[   0.005][d][pdf_hook_worker] Loading lua script /home/tay/.config/mpv/scripts/pdf_hook-worker.lua...
[   0.005][d][pdf_hook] loading mp.defaults
[   0.005][d][open_anilist_page] Loading lua script /home/tay/.config/mpv/scripts/open-anilist-page.lua...
[   0.005][d][playlistmanager] Loading lua script /home/tay/.config/mpv/scripts/playlistmanager.lua...
[   0.005][d][autosubsync] Loading lua script /home/tay/.config/mpv/scripts/autosubsync.lua...
[   0.005][d][misc] Loading lua script /home/tay/.config/mpv/scripts/misc.lua...
[   0.005][d][trakt_scrobble] Loading lua script /home/tay/.config/mpv/scripts/trakt-scrobble/main.lua...
[   0.005][d][sponsorblock] Loading lua script /home/tay/.config/mpv/scripts/sponsorblock.lua...
[   0.005][d][mpvcontextmenu] Loading js script /home/tay/.config/mpv/scripts/mpvcontextmenu/main.js...
[   0.005][d][youtube_search] loading file /home/tay/.config/mpv/scripts/youtube-search.lua
[   0.005][d][autosub] Loading lua script /home/tay/.config/mpv/scripts/autosub.lua...
[   0.005][d][autochapters] Loading lua script /home/tay/.config/mpv/scripts/autochapters/main.lua...
[   0.005][d][skiptosilence] Loading lua script /home/tay/.config/mpv/scripts/skiptosilence.lua...
[   0.005][d][mpv_mal_updater] Loading lua script /home/tay/.config/mpv/scripts/mpv-mal-updater/main.lua...
[   0.005][d][move_file] Loading lua script /home/tay/.config/mpv/scripts/move-file/main.lua...
[   0.005][d][test_python] loading file /home/tay/.config/mpv/scripts/test_python.lua
[   0.005][d][autosubsync_mpv] Loading lua script /home/tay/.config/mpv/scripts/autosubsync-mpv/main.lua...
[   0.005][d][on_top_only_while_playing] loading file /home/tay/.config/mpv/scripts/on_top_only_while_playing.lua
[   0.005][d][keep_session] Loading lua script /home/tay/.config/mpv/scripts/keep-session.lua...
[   0.005][d][SmartCopyPaste_II] Loading lua script /home/tay/.config/mpv/scripts/SmartCopyPaste_II.lua...
[   0.005][d][multi_command_if] Loading lua script /home/tay/.config/mpv/scripts/multi-command-if.lua...
[   0.005][d][manager] loading file /home/tay/.config/mpv/scripts/manager.lua
[   0.005][d][autosave] loading file /home/tay/.config/mpv/scripts/autosave.lua
[   0.005][v][cplayer] Waiting for scripts...
[   0.005][d][mpv_reload] loading mp.defaults
[   0.005][d][keep_session] loading mp.defaults
[   0.005][d][pdf_hook] loading file /home/tay/.config/mpv/scripts/pdf_hook.lua
[   0.005][d][global] config path: 'script-modules/?.lua;' -/-> '/home/tay/.config/mpv/script-modules/?.lua;'
[   0.005][d][global] config path: 'script-modules/?.lua;' -/-> '/home/tay/.mpv/script-modules/?.lua;'
[   0.005][d][global] config path: 'script-modules/?.lua;' -/-> '/usr/local/etc/mpv/script-modules/?.lua;'
[   0.005][d][global] user path: '~~/script-modules/?.lua;' -> '/home/tay/.config/mpv/script-modules/?.lua;'
[   0.005][d][autosave] reading options for autosave
[   0.005][d][global] config path: 'script-opts/autosave.conf' -/-> '/home/tay/.config/mpv/script-opts/autosave.conf'
[   0.005][d][global] config path: 'script-opts/autosave.conf' -/-> '/home/tay/.mpv/script-opts/autosave.conf'
[   0.005][d][global] config path: 'script-opts/autosave.conf' -/-> '/usr/local/etc/mpv/script-opts/autosave.conf'
[   0.005][d][autosave] script-opts/autosave.conf not found.
[   0.005][d][pdf_hook_worker] loading mp.defaults
[   0.005][d][select_custom] loading mp.defaults
[   0.005][d][user_input] loading mp.defaults
[   0.005][d][youtube_search] reading options for youtube_search
[   0.005][d][global] config path: 'script-opts/youtube_search.conf' -> '/home/tay/.config/mpv/script-opts/youtube_search.conf'
[   0.005][v][youtube_search] Opened config file script-opts/youtube_search.conf.
[   0.005][d][dynamic_crop] loading mp.defaults
[   0.005][d][cplayer] Run command: define-section, flags=64, args=[name="input_youtube_search", contents="Ctrl+y nonscalable script-binding youtube_search/yt\nY nonscalable script-binding youtube_search/youtube-search\n", flags="default"]
[   0.005][d][cplayer] Run command: enable-section, flags=64, args=[name="input_youtube_search", flags="allow-hide-cursor+allow-vo-dragging"]
[   0.005][v][mpvcontextmenu] Loading file @/defaults.js
[   0.005][d][cplayer] Run command: define-section, flags=64, args=[name="input_forced_youtube_search", contents="", flags="force"]
[   0.005][d][cplayer] Run command: define-section, flags=64, args=[name="input_select", contents="", flags="default"]
[   0.005][d][cplayer] Run command: enable-section, flags=64, args=[name="input_select", flags="allow-hide-cursor+allow-vo-dragging"]
[   0.005][d][cplayer] Run command: define-section, flags=64, args=[name="input_positioning", contents="", flags="default"]
[   0.005][d][cplayer] Run command: define-section, flags=64, args=[name="input_forced_select", contents="", flags="force"]
[   0.005][d][cplayer] Run command: enable-section, flags=64, args=[name="input_forced_select", flags="allow-hide-cursor+allow-vo-dragging"]
[   0.005][d][cplayer] Run command: enable-section, flags=64, args=[name="input_positioning", flags="allow-hide-cursor+allow-vo-dragging"]
[   0.005][d][cplayer] Run command: define-section, flags=64, args=[name="input_forced_positioning", contents="", flags="force"]
[   0.005][d][cplayer] Run command: enable-section, flags=64, args=[name="input_forced_positioning", flags="allow-hide-cursor+allow-vo-dragging"]
[   0.005][d][cplayer] Run command: enable-section, flags=64, args=[name="input_forced_youtube_search", flags="allow-hide-cursor+allow-vo-dragging"]
[   0.005][d][cplayer] Run command: define-section, flags=64, args=[name="input_manager", contents="", flags="default"]
[   0.005][d][cplayer] Run command: enable-section, flags=64, args=[name="input_manager", flags="allow-hide-cursor+allow-vo-dragging"]
[   0.006][d][cplayer] Run command: define-section, flags=64, args=[name="input_forced_manager", contents="", flags="force"]
[   0.006][d][cplayer] Run command: enable-section, flags=64, args=[name="input_forced_manager", flags="allow-hide-cursor+allow-vo-dragging"]
[   0.006][d][commands] reading options for commands
[   0.006][d][global] config path: 'script-opts/commands.conf' -/-> '/home/tay/.config/mpv/script-opts/commands.conf'
[   0.006][d][global] config path: 'script-opts/commands.conf' -/-> '/home/tay/.mpv/script-opts/commands.conf'
[   0.006][d][global] config path: 'script-opts/commands.conf' -/-> '/usr/local/etc/mpv/script-opts/commands.conf'
[   0.006][d][commands] script-opts/commands.conf not found.
[   0.006][d][SmartSkip] loading mp.defaults
[   0.006][d][dynamic_crop] loading file /home/tay/.config/mpv/scripts/dynamic-crop.lua
[   0.006][d][cplayer] Run command: define-section, flags=64, args=[name="input_commands", contents="", flags="default"]
[   0.006][d][cplayer] Run command: enable-section, flags=64, args=[name="input_commands", flags="allow-hide-cursor+allow-vo-dragging"]
[   0.006][d][cplayer] Run command: define-section, flags=64, args=[name="input_forced_commands", contents="", flags="force"]
[   0.006][d][cplayer] Run command: enable-section, flags=64, args=[name="input_forced_commands", flags="allow-hide-cursor+allow-vo-dragging"]
[   0.006][d][pdf_hook_worker] loading file /home/tay/.config/mpv/scripts/pdf_hook-worker.lua
[   0.006][d][cplayer] Run command: script-message, flags=64, args=[args="pdf-page-generator-broadcast", args="pdf_hook_worker"]
[   0.006][d][multi_command_if] loading mp.defaults
[   0.006][i][test_python] --- Testing Python Environment ---
[   0.006][d][cplayer] Run command: subprocess, flags=64, args=[args="python3,-c,import sys; print('MPV python3 resolves to:', sys.executable)", playback_only="no", capture_size="67108864", capture_stdout="yes", capture_stderr="no", detach="no", env="", stdin_data="", passthrough_stdin="no"]
[   0.006][d][SmartSkip] loading file /home/tay/.config/mpv/scripts/SmartSkip.lua
[   0.006][v][test_python] Starting subprocess: [python3, -c, import sys; print('MPV python3 resolves to:', sys.executable)]
[   0.006][d][dynamic_crop] reading options for dynamic_crop
[   0.006][d][global] config path: 'script-opts/dynamic_crop.conf' -/-> '/home/tay/.config/mpv/script-opts/dynamic_crop.conf'
[   0.006][d][global] config path: 'script-opts/dynamic_crop.conf' -/-> '/home/tay/.mpv/script-opts/dynamic_crop.conf'
[   0.006][d][global] config path: 'script-opts/dynamic_crop.conf' -/-> '/usr/local/etc/mpv/script-opts/dynamic_crop.conf'
[   0.006][d][dynamic_crop] script-opts/dynamic_crop.conf not found.
[   0.006][d][context_menu] loading @context_menu.lua
[   0.006][v][mpvcontextmenu] Reading file '@/defaults.js'
[   0.006][d][multi_command_if] loading file /home/tay/.config/mpv/scripts/multi-command-if.lua
[   0.007][d][playlistmanager] loading mp.defaults
[   0.007][d][console] reading options for console
[   0.007][d][global] config path: 'script-opts/console.conf' -/-> '/home/tay/.config/mpv/script-opts/console.conf'
[   0.007][d][global] config path: 'script-opts/console.conf' -/-> '/home/tay/.mpv/script-opts/console.conf'
[   0.007][d][global] config path: 'script-opts/console.conf' -/-> '/usr/local/etc/mpv/script-opts/console.conf'
[   0.007][d][console] script-opts/console.conf not found.
[   0.007][d][context_menu] reading options for context_menu
[   0.007][d][global] config path: 'script-opts/context_menu.conf' -/-> '/home/tay/.config/mpv/script-opts/context_menu.conf'
[   0.007][d][global] config path: 'script-opts/context_menu.conf' -/-> '/home/tay/.mpv/script-opts/context_menu.conf'
[   0.007][d][global] config path: 'script-opts/context_menu.conf' -/-> '/usr/local/etc/mpv/script-opts/context_menu.conf'
[   0.007][d][context_menu] script-opts/context_menu.conf not found.
[   0.007][d][cplayer] Run command: define-section, flags=64, args=[name="input_dynamic_crop", contents="C nonscalable script-binding dynamic_crop/toggle_crop\n", flags="default"]
[   0.007][d][cplayer] Run command: enable-section, flags=64, args=[name="input_dynamic_crop", flags="allow-hide-cursor+allow-vo-dragging"]
[   0.007][d][cplayer] Run command: define-section, flags=64, args=[name="input_forced_dynamic_crop", contents="", flags="force"]
[   0.007][d][cplayer] Run command: enable-section, flags=64, args=[name="input_forced_dynamic_crop", flags="allow-hide-cursor+allow-vo-dragging"]
[   0.007][d][cplayer] Run command: define-section, flags=64, args=[name="input_console", contents="", flags="default"]
[   0.007][d][cplayer] Run command: enable-section, flags=64, args=[name="input_console", flags="allow-hide-cursor+allow-vo-dragging"]
[   0.007][d][stats] reading options for stats
[   0.007][d][global] config path: 'script-opts/stats.conf' -/-> '/home/tay/.config/mpv/script-opts/stats.conf'
[   0.007][d][global] config path: 'script-opts/stats.conf' -/-> '/home/tay/.mpv/script-opts/stats.conf'
[   0.007][d][global] config path: 'script-opts/stats.conf' -/-> '/usr/local/etc/mpv/script-opts/stats.conf'
[   0.007][d][stats] script-opts/stats.conf not found.
[   0.007][d][cplayer] Run command: define-section, flags=64, args=[name="input_forced_console", contents="", flags="force"]
[   0.007][d][cplayer] Run command: enable-section, flags=64, args=[name="input_forced_console", flags="allow-hide-cursor+allow-vo-dragging"]
[   0.007][d][pdf_hook] reading options for pdf_hook
[   0.007][d][global] config path: 'script-opts/pdf_hook.conf' -/-> '/home/tay/.config/mpv/script-opts/pdf_hook.conf'
[   0.007][d][global] config path: 'script-opts/pdf_hook.conf' -/-> '/home/tay/.mpv/script-opts/pdf_hook.conf'
[   0.007][d][global] config path: 'script-opts/pdf_hook.conf' -/-> '/usr/local/etc/mpv/script-opts/pdf_hook.conf'
[   0.007][d][pdf_hook] script-opts/pdf_hook.conf not found.
[   0.007][d][playlistmanager] loading file /home/tay/.config/mpv/scripts/playlistmanager.lua
[   0.007][d][cplayer] Run command: define-section, flags=64, args=[name="input_stats", contents="", flags="default"]
[   0.007][d][cplayer] Run command: enable-section, flags=64, args=[name="input_stats", flags="allow-hide-cursor+allow-vo-dragging"]
[   0.007][d][cplayer] Run command: define-section, flags=64, args=[name="input_forced_stats", contents="", flags="force"]
[   0.007][d][cplayer] Run command: enable-section, flags=64, args=[name="input_forced_stats", flags="allow-hide-cursor+allow-vo-dragging"]
[   0.007][d][global] config path: 'init.js' -/-> '/home/tay/.config/mpv/init.js'
[   0.007][d][global] config path: 'init.js' -/-> '/home/tay/.mpv/init.js'
[   0.007][d][global] config path: 'init.js' -/-> '/usr/local/etc/mpv/init.js'
[   0.007][d][global] config path: '.init.js' -/-> '/home/tay/.config/mpv/.init.js'
[   0.007][d][global] config path: '.init.js' -/-> '/home/tay/.mpv/.init.js'
[   0.007][d][global] config path: '.init.js' -/-> '/usr/local/etc/mpv/.init.js'
[   0.007][v][mpvcontextmenu] Loading file /home/tay/.config/mpv/scripts/mpvcontextmenu/main.js
[   0.007][v][mpvcontextmenu] Reading file '/home/tay/.config/mpv/scripts/mpvcontextmenu/main.js'
[   0.007][d][osd_clock] loading mp.defaults
[   0.007][d][trakt_scrobble] loading mp.defaults
[   0.007][d][keep_session] loading file /home/tay/.config/mpv/scripts/keep-session.lua
[   0.008][d][autochapters] loading mp.defaults
[   0.008][d][open_anilist_page] loading mp.defaults
[   0.008][d][select_custom] loading file /home/tay/.config/mpv/scripts/select-custom.lua
[   0.008][v][cplayer] Set property: ontop=false -> 1
[   0.008][d][autosubsync] loading mp.defaults
[   0.008][d][cplayer] Run command: set, flags=64, args=[name="msg-level", value="cplayer=warn"]
[   0.008][v][cplayer] Set property: msg-level=cplayer=warn -> 1
[   0.008][d][cplayer] Run command: write-watch-later-config, flags=73, args=[]
[   0.008][d][cplayer] Run command: set, flags=64, args=[name="msg-level", value="cplayer=status"]
[   0.008][v][cplayer] Set property: msg-level=cplayer=status -> 1
[   0.008][d][mpv_reload] loading file /home/tay/.config/mpv/scripts/mpv-reload/main.lua
[   0.008][v][auto_profiles] Re-evaluating auto profile SilenceSkip-inactive
[   0.008][d][misc] loading mp.defaults
[   0.008][d][sponsorblock] loading mp.defaults
[   0.008][i][auto_profiles] Applying auto profile: SilenceSkip-inactive
[   0.008][d][autosub] loading mp.defaults
[   0.008][d][cplayer] Run command: apply-profile, flags=64, args=[name="SilenceSkip-inactive", mode="apply"]
[   0.008][d][move_file] loading mp.defaults
[   0.008][d][mpv_anilist_updater] loading mp.defaults
[   0.008][d][mpv_mal_updater] loading mp.defaults
[   0.009][v][cplayer] Applying profile 'SilenceSkip-inactive'...
[   0.009][v][cplayer] Setting option 'profile' = 'SilenceSkip-toggle-filters' (flags = 4)
[   0.009][v][cplayer] Applying profile 'SilenceSkip-toggle-filters'...
[   0.009][d][skiptosilence] loading mp.defaults
[   0.009][v][cplayer] Setting option 'af-toggle' = '@audio-tweak' (flags = 4)
[   0.009][w][cplayer] Option af-toggle: Label audio-tweak not found
[   0.009][v][cplayer] Setting option 'vf-toggle' = '@svp' (flags = 4)
[   0.009][w][cplayer] Option vf-toggle: Label svp not found
[   0.009][v][auto_profiles] Re-evaluating auto profile SilenceSkip-active
[   0.009][d][SmartCopyPaste_II] loading mp.defaults
[   0.010][v][auto_profiles] Re-evaluating auto profile SilenceSkip-inactive
[   0.010][v][auto_profiles] Re-evaluating auto profile SilenceSkip-active
[   0.010][d][SmartSkip] reading options for SmartSkip
[   0.010][d][global] config path: 'script-opts/SmartSkip.conf' -> '/home/tay/.config/mpv/script-opts/SmartSkip.conf'
[   0.010][v][SmartSkip] Opened config file script-opts/SmartSkip.conf.
[   0.010][d][autosubsync_mpv] loading mp.defaults
[   0.010][d][keep_session] reading options for keep_session
[   0.010][d][global] config path: 'script-opts/keep_session.conf' -/-> '/home/tay/.config/mpv/script-opts/keep_session.conf'
[   0.010][d][global] config path: 'script-opts/keep_session.conf' -/-> '/home/tay/.mpv/script-opts/keep_session.conf'
[   0.010][d][global] config path: 'script-opts/keep_session.conf' -/-> '/usr/local/etc/mpv/script-opts/keep_session.conf'
[   0.010][d][keep_session] script-opts/keep_session.conf not found.
[   0.010][d][global] user path: '~~state/watch_later/prev-session' -> '/home/tay/.local/state/mpv/watch_later/prev-session'
[   0.011][d][autochapters] loading file /home/tay/.config/mpv/scripts/autochapters/main.lua
[   0.011][d][open_anilist_page] loading file /home/tay/.config/mpv/scripts/open-anilist-page.lua
[   0.011][d][autosubsync] loading file /home/tay/.config/mpv/scripts/autosubsync.lua
[   0.012][d][cplayer] Run command: define-section, flags=64, args=[name="input_open_anilist_page", contents="ctrl+a nonscalable script-binding open_anilist_page/launch_anilist\n", flags="default"]
[   0.012][d][misc] loading file /home/tay/.config/mpv/scripts/misc.lua
[   0.012][d][cplayer] Run command: enable-section, flags=64, args=[name="input_open_anilist_page", flags="allow-hide-cursor+allow-vo-dragging"]
[   0.012][d][cplayer] Run command: define-section, flags=64, args=[name="input_forced_open_anilist_page", contents="", flags="force"]
[   0.012][d][cplayer] Run command: enable-section, flags=64, args=[name="input_forced_open_anilist_page", flags="allow-hide-cursor+allow-vo-dragging"]
[   0.012][d][playlistmanager] reading options for playlistmanager
[   0.012][d][global] config path: 'script-opts/playlistmanager.conf' -> '/home/tay/.config/mpv/script-opts/playlistmanager.conf'
[   0.012][v][playlistmanager] Opened config file script-opts/playlistmanager.conf.
[   0.012][d][autosubsync] reading options for autosubsync
[   0.012][d][global] config path: 'script-opts/autosubsync.conf' -> '/home/tay/.config/mpv/script-opts/autosubsync.conf'
[   0.012][v][autosubsync] Opened config file script-opts/autosubsync.conf.
[   0.012][w][autosubsync] script-opts/autosubsync.conf:1 unknown key 'ffsubsync_path', ignoring
[   0.012][d][autochapters] reading options for autochapters
[   0.012][d][global] config path: 'script-opts/autochapters.conf' -> '/home/tay/.config/mpv/script-opts/autochapters.conf'
[   0.012][v][autochapters] Opened config file script-opts/autochapters.conf.
[   0.012][d][cplayer] Run command: define-section, flags=64, args=[name="input_autochapters", contents="", flags="default"]
[   0.012][d][cplayer] Run command: enable-section, flags=64, args=[name="input_autochapters", flags="allow-hide-cursor+allow-vo-dragging"]
[   0.012][d][cplayer] Run command: define-section, flags=64, args=[name="input_forced_autochapters", contents="", flags="force"]
[   0.012][d][cplayer] Run command: enable-section, flags=64, args=[name="input_forced_autochapters", flags="allow-hide-cursor+allow-vo-dragging"]
[   0.012][d][misc] reading options for misc
[   0.012][d][global] config path: 'script-opts/misc.conf' -/-> '/home/tay/.config/mpv/script-opts/misc.conf'
[   0.012][d][global] config path: 'script-opts/misc.conf' -/-> '/home/tay/.mpv/script-opts/misc.conf'
[   0.012][d][global] config path: 'script-opts/misc.conf' -/-> '/usr/local/etc/mpv/script-opts/misc.conf'
[   0.012][d][misc] script-opts/misc.conf not found.
[   0.012][d][cplayer] Run command: define-section, flags=64, args=[name="input_autosubsync", contents="n nonscalable script-binding autosubsync/auto_sync_subs\n", flags="default"]
[   0.012][d][autosub] loading file /home/tay/.config/mpv/scripts/autosub.lua
[   0.012][d][sponsorblock] loading file /home/tay/.config/mpv/scripts/sponsorblock.lua
[   0.012][d][mpv_anilist_updater] loading file /home/tay/.config/mpv/scripts/mpv-anilist-updater/main.lua
[   0.012][d][mpv_mal_updater] loading file /home/tay/.config/mpv/scripts/mpv-mal-updater/main.lua
[   0.012][d][osd_clock] loading file /home/tay/.config/mpv/scripts/osd-clock.lua
[   0.012][d][user_input] loading file /home/tay/.config/mpv/scripts/user-input.lua
[   0.013][d][osd_clock] reading options for osd-clock
[   0.013][d][global] config path: 'script-opts/osd-clock.conf' -> '/home/tay/.config/mpv/script-opts/osd-clock.conf'
[   0.013][v][osd_clock] Opened config file script-opts/osd-clock.conf.
[   0.013][d][skiptosilence] loading file /home/tay/.config/mpv/scripts/skiptosilence.lua
[   0.013][d][trakt_scrobble] loading file /home/tay/.config/mpv/scripts/trakt-scrobble/main.lua
[   0.013][d][move_file] loading file /home/tay/.config/mpv/scripts/move-file/main.lua
[   0.013][i][playlistmanager] auto showamount: 19
[   0.013][v][playlistmanager] updating options
[   0.013][d][SmartCopyPaste_II] loading file /home/tay/.config/mpv/scripts/SmartCopyPaste_II.lua
[   0.013][d][cplayer] Run command: define-section, flags=64, args=[name="showhide", contents="mouse_move script-binding osc/__keybinding1\nmouse_leave script-binding osc/__keybinding2\n", flags="force"]
[   0.013][d][cplayer] Run command: define-section, flags=64, args=[name="showhide_wc", contents="mouse_move script-binding osc/__keybinding3\nmouse_leave script-binding osc/__keybinding4\n", flags="force"]
[   0.013][d][cplayer] Run command: enable-section, flags=64, args=[name="showhide", flags="allow-hide-cursor+allow-vo-dragging"]
[   0.013][d][cplayer] Run command: enable-section, flags=64, args=[name="showhide_wc", flags="allow-hide-cursor+allow-vo-dragging"]
[   0.013][d][autosubsync_mpv] loading file /home/tay/.config/mpv/scripts/autosubsync-mpv/main.lua
[   0.013][d][cplayer] Run command: define-section, flags=64, args=[name="input", contents="mbtn_left script-binding osc/__keybinding5\nmbtn_mid script-binding osc/__keybinding6\nmbtn_right script-binding osc/__keybinding7\nshift+mbtn_left script-binding osc/__keybinding8\nwheel_up script-binding osc/__keybinding9\nwheel_down script-binding osc/__keybinding10\nmbtn_left_dbl ignore\nshift+mbtn_left_dbl ignore\nmbtn_right_dbl ignore\n", flags="force"]
[   0.013][d][cplayer] Run command: enable-section, flags=64, args=[name="input", flags=""]
[   0.013][d][cplayer] Run command: define-section, flags=64, args=[name="window-controls", contents="mbtn_left script-binding osc/__keybinding11\n", flags="force"]
[   0.013][d][cplayer] Run command: enable-section, flags=64, args=[name="window-controls", flags=""]
[   0.013][d][cplayer] Run command: enable-section, flags=64, args=[name="input_autosubsync", flags="allow-hide-cursor+allow-vo-dragging"]
[   0.013][d][cplayer] Run command: define-section, flags=64, args=[name="input_forced_autosubsync", contents="", flags="force"]
[   0.013][d][cplayer] Run command: enable-section, flags=64, args=[name="input_forced_autosubsync", flags="allow-hide-cursor+allow-vo-dragging"]
[   0.013][v][osd_clock] cfg = {"duration" = 2.5, "format" = "%H:%M", "name" = "show-clock", "interval" = "15m", "key" = "h"}
[   0.013][i][osd_clock] interval:15m, format:%H:%M
[   0.013][v][osd_clock] for osd_interval:15m calculated startup delay:328
[   0.013][v][osd_clock] key:'h' bound to 'show-clock'
[   0.013][d][mpv_reload] reading options for mpv_reload
[   0.013][d][cplayer] Run command: define-section, flags=64, args=[name="input_osd_clock", contents="h nonscalable script-binding osd_clock/show-clock\n", flags="default"]
[   0.013][d][global] config path: 'script-opts/mpv_reload.conf' -/-> '/home/tay/.config/mpv/script-opts/mpv_reload.conf'
[   0.013][d][global] config path: 'script-opts/mpv_reload.conf' -/-> '/home/tay/.mpv/script-opts/mpv_reload.conf'
[   0.013][d][cplayer] Run command: enable-section, flags=64, args=[name="input_osd_clock", flags="allow-hide-cursor+allow-vo-dragging"]
[   0.013][d][global] config path: 'script-opts/mpv_reload.conf' -/-> '/usr/local/etc/mpv/script-opts/mpv_reload.conf'
[   0.013][d][mpv_reload] script-opts/mpv_reload.conf not found.
[   0.013][d][cplayer] Run command: define-section, flags=64, args=[name="input_forced_osd_clock", contents="", flags="force"]
[   0.013][d][cplayer] Run command: enable-section, flags=64, args=[name="input_forced_osd_clock", flags="allow-hide-cursor+allow-vo-dragging"]
[   0.013][d][cplayer] Run command: define-section, flags=64, args=[name="input_move_file", contents="ctrl+m nonscalable script-binding move_file/move-file\n", flags="default"]
[   0.013][d][cplayer] Run command: enable-section, flags=64, args=[name="input_move_file", flags="allow-hide-cursor+allow-vo-dragging"]
[   0.013][d][cplayer] Run command: define-section, flags=64, args=[name="input_forced_move_file", contents="", flags="force"]
[   0.013][d][cplayer] Run command: enable-section, flags=64, args=[name="input_forced_move_file", flags="allow-hide-cursor+allow-vo-dragging"]
[   0.013][d][mpv_reload] {"paused_for_cache_timer_enabled" = true, "paused_for_cache_timer_interval" = 1, "paused_for_cache_timer_timeout" = 10, "demuxer_cache_timer_enabled" = true, "demuxer_cache_timer_interval" = 2, "demuxer_cache_timer_timeout" = 20, "reload_eof_enabled" = false, "reload_key_binding" = "Ctrl+r"}
[   0.013][d][mpv_reload] paused_for_cache.reset_timer 0
[   0.013][d][cplayer] Run command: define-section, flags=64, args=[name="input_mpv_reload", contents="Ctrl+r nonscalable script-binding mpv_reload/reload_resume\n", flags="default"]
[   0.014][d][cplayer] Run command: enable-section, flags=64, args=[name="input_mpv_reload", flags="allow-hide-cursor+allow-vo-dragging"]
[   0.014][d][cplayer] Run command: define-section, flags=64, args=[name="input_forced_mpv_reload", contents="", flags="force"]
[   0.014][d][cplayer] Run command: enable-section, flags=64, args=[name="input_forced_mpv_reload", flags="allow-hide-cursor+allow-vo-dragging"]
[   0.014][d][skiptosilence] reading options for skiptosilence
[   0.014][d][global] config path: 'script-opts/skiptosilence.conf' -> '/home/tay/.config/mpv/script-opts/skiptosilence.conf'
[   0.014][v][skiptosilence] Opened config file script-opts/skiptosilence.conf.
[   0.014][w][skiptosilence] script-opts/skiptosilence.conf:4 unknown key 'quietness ', ignoring
[   0.014][w][skiptosilence] script-opts/skiptosilence.conf:7 unknown key 'duration ', ignoring
[   0.014][w][skiptosilence] script-opts/skiptosilence.conf:11 unknown key 'mutewhileskipping ', ignoring
[   0.014][d][cplayer] Run command: define-section, flags=64, args=[name="input_skiptosilence", contents="F3 nonscalable script-binding skiptosilence/skip-to-silence\n", flags="default"]
[   0.014][d][cplayer] Run command: enable-section, flags=64, args=[name="input_skiptosilence", flags="allow-hide-cursor+allow-vo-dragging"]
[   0.014][d][cplayer] Run command: define-section, flags=64, args=[name="input_forced_skiptosilence", contents="", flags="force"]
[   0.014][d][cplayer] Run command: enable-section, flags=64, args=[name="input_forced_skiptosilence", flags="allow-hide-cursor+allow-vo-dragging"]
[   0.014][d][autosub] reading options for autosub
[   0.014][d][global] config path: 'script-opts/autosub.conf' -> '/home/tay/.config/mpv/script-opts/autosub.conf'
[   0.014][v][autosub] Opened config file script-opts/autosub.conf.
[   0.014][d][osc] reading options for osc
[   0.014][d][cplayer] Run command: define-section, flags=64, args=[name="input_playlistmanager", contents="Alt+k nonscalable script-binding playlistmanager/sortplaylist\nAlt+K nonscalable script-binding playlistmanager/shuffleplaylist\nCtrl+Alt+r nonscalable script-binding playlistmanager/reverseplaylist\nCtrl+Alt+l nonscalable script-binding playlistmanager/loadfiles\nCtrl+Alt+s nonscalable script-binding playlistmanager/saveplaylist\nSHIFT+ENTER nonscalable script-binding playlistmanager/showplaylist\n", flags="default"]
[   0.014][d][global] config path: 'script-opts/osc.conf' -> '/home/tay/.config/mpv/script-opts/osc.conf'
[   0.014][v][osc] Opened config file script-opts/osc.conf.
[   0.014][d][cplayer] Run command: define-section, flags=64, args=[name="input_autosub", contents="n nonscalable script-binding autosub/download_subs\nN nonscalable script-binding autosub/download_subs2\n", flags="default"]
[   0.014][d][cplayer] Run command: enable-section, flags=64, args=[name="input_autosub", flags="allow-hide-cursor+allow-vo-dragging"]
[   0.014][d][cplayer] Run command: define-section, flags=64, args=[name="input_forced_autosub", contents="", flags="force"]
[   0.014][d][global] config path: '.' -> '/home/tay/.config/mpv/.'
[   0.014][d][cplayer] Run command: enable-section, flags=64, args=[name="input_forced_autosub", flags="allow-hide-cursor+allow-vo-dragging"]
[   0.014][d][cplayer] Run command: enable-section, flags=64, args=[name="input_playlistmanager", flags="allow-hide-cursor+allow-vo-dragging"]
[   0.014][d][global] config path: 'script-modules/?.lua;' -/-> '/home/tay/.config/mpv/script-modules/?.lua;'
[   0.014][d][global] config path: 'script-modules/?.lua;' -/-> '/home/tay/.mpv/script-modules/?.lua;'
[   0.014][d][global] config path: 'script-modules/?.lua;' -/-> '/usr/local/etc/mpv/script-modules/?.lua;'
[   0.014][d][global] user path: '~~/script-modules/?.lua;' -> '/home/tay/.config/mpv/script-modules/?.lua;'
[   0.014][d][cplayer] Run command: define-section, flags=64, args=[name="input_forced_playlistmanager", contents="", flags="force"]
[   0.014][d][cplayer] Run command: enable-section, flags=64, args=[name="input_forced_playlistmanager", flags="allow-hide-cursor+allow-vo-dragging"]
[   0.014][d][mpv_anilist_updater] reading options for anilistUpdater
[   0.014][d][global] config path: 'script-opts/anilistUpdater.conf' -> '/home/tay/.config/mpv/script-opts/anilistUpdater.conf'
[   0.014][v][mpv_anilist_updater] Opened config file script-opts/anilistUpdater.conf.
[   0.015][d][SmartSkip] options: {"read_options" = function: 0x7e4ac9b773c0}
[   0.015][v][cplayer] Set property: user-data/osc/visibility="auto" -> 1
[   0.015][d][cplayer] Run command: disable-section, flags=64, args=[name="input"]
[   0.015][d][cplayer] Run command: disable-section, flags=64, args=[name="window-controls"]
[   0.015][v][cplayer] Set property: sub-margin-y-offset=0 -> 1
[   0.015][v][cplayer] Set property: osd-margin-y-offset=0 -> 1
[   0.015][v][cplayer] Set property: sub-margin-y-offset=0 -> 1
[   0.015][v][cplayer] Set property: osd-margin-y-offset=0 -> 1
[   0.015][v][cplayer] Set property: user-data/osc/margins={"t":0,"b":0,"r":0,"l":0} -> 1
[   0.015][d][sponsorblock] reading options for sponsorblock
[   0.015][d][global] config path: 'script-opts/sponsorblock.conf' -/-> '/home/tay/.config/mpv/script-opts/sponsorblock.conf'
[   0.015][d][global] config path: 'script-opts/sponsorblock.conf' -/-> '/home/tay/.mpv/script-opts/sponsorblock.conf'
[   0.015][d][global] config path: 'script-opts/sponsorblock.conf' -/-> '/usr/local/etc/mpv/script-opts/sponsorblock.conf'
[   0.015][d][sponsorblock] script-opts/sponsorblock.conf not found.
[   0.015][d][global] config path: 'scripts' -> '/home/tay/.config/mpv/scripts'
[   0.015][d][cplayer] Run command: define-section, flags=64, args=[name="input_sponsorblock", contents="g nonscalable script-binding sponsorblock/set_segment\nG nonscalable script-binding sponsorblock/submit_segment\nh nonscalable script-binding sponsorblock/upvote_segment\nH nonscalable script-binding sponsorblock/downvote_segment\n", flags="default"]
[   0.015][d][select_custom] reading options for select-custom
[   0.015][d][global] config path: 'script-opts/select-custom.conf' -/-> '/home/tay/.config/mpv/script-opts/select-custom.conf'
[   0.015][d][global] config path: 'script-opts/select-custom.conf' -/-> '/home/tay/.mpv/script-opts/select-custom.conf'
[   0.015][d][global] config path: 'script-opts/select-custom.conf' -/-> '/usr/local/etc/mpv/script-opts/select-custom.conf'
[   0.015][d][select_custom] script-opts/select-custom.conf not found.
[   0.015][d][cplayer] Run command: enable-section, flags=64, args=[name="input_sponsorblock", flags="allow-hide-cursor+allow-vo-dragging"]
[   0.015][d][cplayer] Run command: define-section, flags=64, args=[name="input_forced_sponsorblock", contents="", flags="force"]
[   0.015][d][cplayer] Run command: enable-section, flags=64, args=[name="input_forced_sponsorblock", flags="allow-hide-cursor+allow-vo-dragging"]
[   0.015][v][select_custom] updating options
[   0.015][d][autosubsync_mpv] reading options for autosubsync
[   0.015][d][global] config path: 'script-opts/autosubsync.conf' -> '/home/tay/.config/mpv/script-opts/autosubsync.conf'
[   0.015][v][autosubsync_mpv] Opened config file script-opts/autosubsync.conf.
[   0.015][d][trakt_scrobble] reading options for trakt_scrobble
[   0.015][d][cplayer] Run command: define-section, flags=64, args=[name="input_mpv_anilist_updater", contents="ctrl+a nonscalable script-binding mpv_anilist_updater/update_anilist\nctrl+b nonscalable script-binding mpv_anilist_updater/launch_anilist\nctrl+d nonscalable script-binding mpv_anilist_updater/open_folder\nc nonscalable script-binding mpv_anilist_updater/correct_anime_id\n", flags="default"]
[   0.015][d][cplayer] Run command: enable-section, flags=64, args=[name="input_mpv_anilist_updater", flags="allow-hide-cursor+allow-vo-dragging"]
[   0.015][d][cplayer] Run command: define-section, flags=64, args=[name="input_forced_mpv_anilist_updater", contents="", flags="force"]
[   0.015][d][cplayer] Run command: enable-section, flags=64, args=[name="input_forced_mpv_anilist_updater", flags="allow-hide-cursor+allow-vo-dragging"]
[   0.015][d][cplayer] Run command: define-section, flags=64, args=[name="input_autosubsync_mpv", contents="n nonscalable script-binding autosubsync_mpv/autosubsync-menu\n", flags="default"]
[   0.015][d][cplayer] Run command: enable-section, flags=64, args=[name="input_autosubsync_mpv", flags="allow-hide-cursor+allow-vo-dragging"]
[   0.015][d][cplayer] Run command: define-section, flags=64, args=[name="input_forced_autosubsync_mpv", contents="", flags="force"]
[   0.015][d][cplayer] Run command: enable-section, flags=64, args=[name="input_forced_autosubsync_mpv", flags="allow-hide-cursor+allow-vo-dragging"]
[   0.015][d][cplayer] Run command: define-section, flags=64, args=[name="input_select_custom", contents="; nonscalable script-binding select_custom/skip-start-or-end\nCtrl+m nonscalable script-binding select_custom/menu\n", flags="default"]
[   0.015][d][cplayer] Run command: enable-section, flags=64, args=[name="input_select_custom", flags="allow-hide-cursor+allow-vo-dragging"]
[   0.015][d][cplayer] Run command: define-section, flags=64, args=[name="input_forced_select_custom", contents="", flags="force"]
[   0.015][d][cplayer] Run command: enable-section, flags=64, args=[name="input_forced_select_custom", flags="allow-hide-cursor+allow-vo-dragging"]
[   0.015][d][cplayer] Run command: define-section, flags=64, args=[name="input_SmartSkip", contents="", flags="default"]
[   0.015][d][cplayer] Run command: enable-section, flags=64, args=[name="input_SmartSkip", flags="allow-hide-cursor+allow-vo-dragging"]
[   0.015][d][mpv_mal_updater] reading options for malUpdater
[   0.015][d][global] config path: 'script-opts/malUpdater.conf' -> '/home/tay/.config/mpv/script-opts/malUpdater.conf'
[   0.015][v][mpv_mal_updater] Opened config file script-opts/malUpdater.conf.
[   0.015][d][cplayer] Run command: define-section, flags=64, args=[name="input_forced_SmartSkip", contents="ctrl+. nonscalable script-binding SmartSkip/toggle-autoskip\nalt+. nonscalable script-binding SmartSkip/toggle-category-autoskip\nn nonscalable script-binding SmartSkip/add-chapter\nalt+n nonscalable script-binding SmartSkip/remove-chapter\nctrl+n nonscalable script-binding SmartSkip/write-chapters\nctrl+left nonscalable script-binding SmartSkip/chapter-prev\nctrl+right nonscalable script-binding SmartSkip/chapter-next\n< nonscalable script-binding SmartSkip/smart-prev\n> nonscalable script-binding SmartSkip/smart-next\n? nonscalable script-binding SmartSkip/silence-skip\nTab nonscalable script-binding SmartSkip/silence-skip2\n", flags="force"]
[   0.015][d][cplayer] Run command: enable-section, flags=64, args=[name="input_forced_SmartSkip", flags="allow-hide-cursor+allow-vo-dragging"]
[   0.015][v][cplayer] Set property: sub-margin-y-offset=0 -> 1
[   0.015][v][cplayer] Set property: osd-margin-y-offset=0 -> 1
[   0.015][v][cplayer] Set property: sub-margin-y-offset=0 -> 1
[   0.015][d][global] config path: 'script-opts/trakt_scrobble.conf' -/-> '/home/tay/.config/mpv/script-opts/trakt_scrobble.conf'
[   0.015][v][cplayer] Set property: osd-margin-y-offset=0 -> 1
[   0.015][d][global] config path: 'script-opts/trakt_scrobble.conf' -/-> '/home/tay/.mpv/script-opts/trakt_scrobble.conf'
[   0.015][d][global] config path: 'script-opts/trakt_scrobble.conf' -/-> '/usr/local/etc/mpv/script-opts/trakt_scrobble.conf'
[   0.015][d][trakt_scrobble] script-opts/trakt_scrobble.conf not found.
[   0.015][v][cplayer] Set property: user-data/osc/margins={"t":0,"b":0,"r":0,"l":0} -> 1
[   0.015][d][osc] osc_init
[   0.015][d][cplayer] Run command: define-section, flags=64, args=[name="input_mpv_mal_updater", contents="ctrl+a nonscalable script-binding mpv_mal_updater/update_mal\nctrl+b nonscalable script-binding mpv_mal_updater/launch_mal\nctrl+d nonscalable script-binding mpv_mal_updater/open_folder\nc nonscalable script-binding mpv_mal_updater/correct_anime_id\n", flags="default"]
[   0.015][d][cplayer] Run command: enable-section, flags=64, args=[name="input_mpv_mal_updater", flags="allow-hide-cursor+allow-vo-dragging"]
[   0.015][d][cplayer] Run command: define-section, flags=64, args=[name="input_forced_mpv_mal_updater", contents="", flags="force"]
[   0.015][d][cplayer] Run command: enable-section, flags=64, args=[name="input_forced_mpv_mal_updater", flags="allow-hide-cursor+allow-vo-dragging"]
[   0.015][d][user_input] reading options for user_input
[   0.015][d][global] config path: 'script-opts/user_input.conf' -/-> '/home/tay/.config/mpv/script-opts/user_input.conf'
[   0.015][d][global] config path: 'script-opts/user_input.conf' -/-> '/home/tay/.mpv/script-opts/user_input.conf'
[   0.015][d][global] config path: 'script-opts/user_input.conf' -/-> '/usr/local/etc/mpv/script-opts/user_input.conf'
[   0.015][d][user_input] script-opts/user_input.conf not found.
[   0.016][v][cplayer] Set property: sub-margin-y-offset=0 -> 1
[   0.016][v][cplayer] Set property: osd-margin-y-offset=0 -> 1
[   0.016][v][cplayer] Set property: sub-margin-y-offset=0 -> 1
[   0.016][v][cplayer] Set property: osd-margin-y-offset=0 -> 1
[   0.016][v][cplayer] Set property: user-data/osc/margins={"t":0,"b":0,"r":0,"l":0} -> 1
[   0.016][d][global] config path: 'fonts' -/-> '/home/tay/.config/mpv/fonts'
[   0.016][d][global] config path: 'fonts' -/-> '/home/tay/.mpv/fonts'
[   0.016][d][global] config path: 'fonts' -/-> '/usr/local/etc/mpv/fonts'
[   0.016][d][osd/libass] ASS library version: 0x1705000 (runtime 0x1705000)
[   0.016][v][osd/libass] libass API version: 0x1705000
[   0.016][v][osd/libass] libass source: commit: 0.17.5-4-g3087d2b2ffda76602a17f9b09d25cb8addc8d313
[   0.016][d][SmartCopyPaste_II] reading options for SmartCopyPaste_II
[   0.016][d][global] config path: 'script-opts/SmartCopyPaste_II.conf' -/-> '/home/tay/.config/mpv/script-opts/SmartCopyPaste_II.conf'
[   0.016][d][global] config path: 'script-opts/SmartCopyPaste_II.conf' -/-> '/home/tay/.mpv/script-opts/SmartCopyPaste_II.conf'
[   0.016][d][global] config path: 'script-opts/SmartCopyPaste_II.conf' -/-> '/usr/local/etc/mpv/script-opts/SmartCopyPaste_II.conf'
[   0.016][d][SmartCopyPaste_II] script-opts/SmartCopyPaste_II.conf not found.
[   0.016][v][mpvcontextmenu] Reading file '/home/tay/.config/mpv/scripts/mpvcontextmenu/gui-dialogs.js'
[   0.016][v][ipc_0] Client connected
[   0.017][v][mpvcontextmenu] Reading file '/home/tay/.config/mpv/scripts/mpvcontextmenu/flatpak-check.js'
[   0.017][d][mpvcontextmenu] reading options for gui-dialogs
[   0.017][d][global] config path: 'script-opts/gui-dialogs.conf' -/-> '/home/tay/.config/mpv/script-opts/gui-dialogs.conf'
[   0.017][d][global] config path: 'script-opts/gui-dialogs.conf' -/-> '/home/tay/.mpv/script-opts/gui-dialogs.conf'
[   0.017][d][global] config path: 'script-opts/gui-dialogs.conf' -/-> '/usr/local/etc/mpv/script-opts/gui-dialogs.conf'
[   0.017][d][global] user path: '~~/script-opts/gui-dialogs.conf' -> '/home/tay/.config/mpv/script-opts/gui-dialogs.conf'
[   0.017][v][mpvcontextmenu] Reading file '/home/tay/.config/mpv/script-opts/gui-dialogs.conf'
[   0.017][v][mpvcontextmenu] ~~/script-opts/gui-dialogs.conf not found.
[   0.017][v][osd/libass] Shaper: FriBidi 1.0.16 (SIMPLE) HarfBuzz-ng 12.3.2 (COMPLEX)
[   0.017][d][global] config path: 'subfont.ttf' -/-> '/home/tay/.config/mpv/subfont.ttf'
[   0.017][d][global] config path: 'subfont.ttf' -/-> '/home/tay/.mpv/subfont.ttf'
[   0.017][d][global] config path: 'subfont.ttf' -/-> '/usr/local/etc/mpv/subfont.ttf'
[   0.017][d][global] config path: 'fonts.conf' -/-> '/home/tay/.config/mpv/fonts.conf'
[   0.017][d][global] config path: 'fonts.conf' -/-> '/home/tay/.mpv/fonts.conf'
[   0.017][d][global] config path: 'fonts.conf' -/-> '/usr/local/etc/mpv/fonts.conf'
[   0.017][v][osd/libass] Setting up fonts...
[   0.022][v][osd/libass] Using font provider fontconfig
[   0.022][v][osd/libass] Done.
[   0.022][i][test_python] MPV python3 resolves to: /home/tay/.local/share/mise/installs/python/latest/bin/python3
[   0.022][i][test_python] 
[   0.022][d][global] config path: 'trakt_config.json' -/-> '/home/tay/.config/mpv/trakt_config.json'
[   0.022][d][global] config path: 'trakt_config.json' -/-> '/home/tay/.mpv/trakt_config.json'
[   0.022][d][global] config path: 'trakt_config.json' -/-> '/usr/local/etc/mpv/trakt_config.json'
[   0.022][d][global] user path: '~~/trakt_config.json' -> '/home/tay/.config/mpv/trakt_config.json'
[   0.022][d][cplayer] Run command: subprocess, flags=64, args=[args="/opt/vapoursynth-venv/bin/python,-c,import sys; print('Vapoursynth python resolves to:', sys.executable)", playback_only="no", capture_size="67108864", capture_stdout="yes", capture_stderr="no", detach="no", env="", stdin_data="", passthrough_stdin="no"]
[   0.022][v][test_python] Starting subprocess: [/opt/vapoursynth-venv/bin/python, -c, import sys; print('Vapoursynth python resolves to:', sys.executable)]
[   0.022][d][global] config path: 'fonts' -/-> '/home/tay/.config/mpv/fonts'
[   0.022][d][global] config path: 'fonts' -/-> '/home/tay/.mpv/fonts'
[   0.022][d][global] config path: 'fonts' -/-> '/usr/local/etc/mpv/fonts'
[   0.022][d][osd/libass] ASS library version: 0x1705000 (runtime 0x1705000)
[   0.022][v][mpvcontextmenu] Reading file '/home/tay/.config/mpv/scripts/mpvcontextmenu/langcodes.js'
[   0.022][v][osd/libass] libass API version: 0x1705000
[   0.022][v][osd/libass] libass source: commit: 0.17.5-4-g3087d2b2ffda76602a17f9b09d25cb8addc8d313
[   0.022][v][osd/libass] Shaper: FriBidi 1.0.16 (SIMPLE) HarfBuzz-ng 12.3.2 (COMPLEX)
[   0.022][d][global] config path: 'subfont.ttf' -/-> '/home/tay/.config/mpv/subfont.ttf'
[   0.022][d][global] config path: 'subfont.ttf' -/-> '/home/tay/.mpv/subfont.ttf'
[   0.022][d][global] config path: 'subfont.ttf' -/-> '/usr/local/etc/mpv/subfont.ttf'
[   0.022][d][global] config path: 'fonts.conf' -/-> '/home/tay/.config/mpv/fonts.conf'
[   0.022][d][global] config path: 'fonts.conf' -/-> '/home/tay/.mpv/fonts.conf'
[   0.022][d][global] config path: 'fonts.conf' -/-> '/usr/local/etc/mpv/fonts.conf'
[   0.022][v][osd/libass] Setting up fonts...
[   0.022][d][mpvcontextmenu] reading options for mpvcontextmenu
[   0.022][d][global] config path: 'script-opts/mpvcontextmenu.conf' -/-> '/home/tay/.config/mpv/script-opts/mpvcontextmenu.conf'
[   0.022][d][global] config path: 'script-opts/mpvcontextmenu.conf' -/-> '/home/tay/.mpv/script-opts/mpvcontextmenu.conf'
[   0.022][d][global] config path: 'script-opts/mpvcontextmenu.conf' -/-> '/usr/local/etc/mpv/script-opts/mpvcontextmenu.conf'
[   0.022][d][global] user path: '~~/script-opts/mpvcontextmenu.conf' -> '/home/tay/.config/mpv/script-opts/mpvcontextmenu.conf'
[   0.022][v][mpvcontextmenu] Reading file '/home/tay/.config/mpv/script-opts/mpvcontextmenu.conf'
[   0.022][v][mpvcontextmenu] ~~/script-opts/mpvcontextmenu.conf not found.
[   0.029][v][osd/libass] Using font provider fontconfig
[   0.029][v][osd/libass] Done.
[   0.029][v][cplayer] Set property: user-data/smartcopypaste/menu-open="no" -> 1
[   0.029][d][cplayer] Run command: define-section, flags=64, args=[name="input_osc", contents="", flags="default"]
[   0.029][d][global] config path: '.' -> '/home/tay/.config/mpv/.'
[   0.029][d][global] config path: 'trakt_history.json' -/-> '/home/tay/.config/mpv/trakt_history.json'
[   0.029][d][global] config path: 'trakt_history.json' -/-> '/home/tay/.mpv/trakt_history.json'
[   0.029][d][global] config path: 'trakt_history.json' -/-> '/usr/local/etc/mpv/trakt_history.json'
[   0.029][d][global] user path: '~~/trakt_history.json' -> '/home/tay/.config/mpv/trakt_history.json'
[   0.029][d][cplayer] Run command: enable-section, flags=64, args=[name="input_osc", flags="allow-hide-cursor+allow-vo-dragging"]
[   0.029][d][cplayer] Run command: define-section, flags=64, args=[name="input_forced_osc", contents="", flags="force"]
[   0.029][d][cplayer] Run command: enable-section, flags=64, args=[name="input_forced_osc", flags="allow-hide-cursor+allow-vo-dragging"]
[   0.029][v][mpvcontextmenu] Reading file '/home/tay/.config/mpv/scripts/mpvcontextmenu/menu-engine.js'
[   0.030][d][mpvcontextmenu] reading options for menu-engine
[   0.030][d][global] config path: 'script-opts/menu-engine.conf' -/-> '/home/tay/.config/mpv/script-opts/menu-engine.conf'
[   0.030][d][global] config path: 'script-opts/menu-engine.conf' -/-> '/home/tay/.mpv/script-opts/menu-engine.conf'
[   0.030][d][global] config path: 'script-opts/menu-engine.conf' -/-> '/usr/local/etc/mpv/script-opts/menu-engine.conf'
[   0.030][d][global] user path: '~~/script-opts/menu-engine.conf' -> '/home/tay/.config/mpv/script-opts/menu-engine.conf'
[   0.030][v][mpvcontextmenu] Reading file '/home/tay/.config/mpv/script-opts/menu-engine.conf'
[   0.030][v][mpvcontextmenu] ~~/script-opts/menu-engine.conf not found.
[   0.030][d][cplayer] Run command: define-section, flags=64, args=[name="input_mpvcontextmenu", contents="Ctrl+f nonscalable script-binding mpvcontextmenu/add_files_dialog\nCtrl+g nonscalable script-binding mpvcontextmenu/add_folder_dialog\nCtrl+Shift+f nonscalable script-binding mpvcontextmenu/append_files_dialog\nCtrl+Shift+g nonscalable script-binding mpvcontextmenu/append_folder_dialog\nF nonscalable script-binding mpvcontextmenu/add_subtitle_dialog", flags="default"]
[   0.030][d][cplayer] Run command: enable-section, flags=64, args=[name="input_mpvcontextmenu", flags="allow-hide-cursor+allow-vo-dragging"]
[   0.030][d][cplayer] Run command: define-section, flags=64, args=[name="input_forced_mpvcontextmenu", contents="", flags="force"]
[   0.031][d][cplayer] Run command: enable-section, flags=64, args=[name="input_forced_mpvcontextmenu", flags="allow-hide-cursor+allow-vo-dragging"]
[   0.031][i][test_python] Vapoursynth python resolves to: /opt/vapoursynth-venv/bin/python
[   0.031][i][test_python] 
[   0.031][i][test_python] --- End Python Test ---
[   0.031][d][cplayer] Run command: quit, flags=73, args=[code="0"]
[   0.032][v][cplayer] Done loading scripts.
[   0.032][d][global] state path: 'watch_later' -> '/home/tay/.local/state/mpv/watch_later'
[   0.032][i][cplayer] Exiting... (Quit)
[   0.032][d][dnd] Destroying client handle...
[   0.032][d][positioning] Destroying client handle...
[   0.032][d][autosave] Destroying client handle...
[   0.032][d][pdf_hook_worker] Destroying client handle...
[   0.033][d][test_python] Destroying client handle...
[   0.033][v][cplayer] Set property: sub-margin-y-offset=0 -> 1
[   0.033][v][cplayer] Set property: osd-margin-y-offset=0 -> 1
[   0.033][d][cplayer] Run command: del, flags=64, args=[name="user-data/osc"]
[   0.033][d][sponsorblock] Destroying client handle...
[   0.033][d][mpv_mal_updater] Destroying client handle...
[   0.033][v][keep_session] saving current session to /home/tay/.local/state/mpv/watch_later/prev-session
[   0.033][d][mpv_reload] Destroying client handle...
[   0.033][d][dynamic_crop] Destroying client handle...
[   0.033][d][keep_session] adding /tmp/webtorrent/Deadwood The Movie (2019) [WEBRip] [1080p] [YTS.AM]/Deadwood.The.Movie.2019.1080p.WEBRip.x264-[YTS.AM].mp4 to playlist
[   0.033][d][keep_session] expanded path: /tmp/webtorrent/Deadwood The Movie (2019) [WEBRip] [1080p] [YTS.AM]/Deadwood.The.Movie.2019.1080p.WEBRip.x264-[YTS.AM].mp4
[   0.033][d][mpvcontextmenu] Destroying client handle...
[   0.033][d][osc] Destroying client handle...
[   0.033][d][open_anilist_page] Destroying client handle...
[   0.033][d][cplayer] Run command: del, flags=64, args=[name="user-data/mpv/console"]
[   0.033][d][youtube_search] Destroying client handle...
[   0.033][d][select_custom] Destroying client handle...
[   0.033][d][ipc_0] Destroying client handle...
[   0.033][d][skiptosilence] Destroying client handle...
[   0.033][d][select] Destroying client handle...
[   0.033][d][keep_session] Destroying client handle...
[   0.033][d][move_file] Destroying client handle...
[   0.033][d][ytdl_hook] Destroying client handle...
[   0.033][d][stats] Destroying client handle...
[   0.033][d][SmartSkip] Destroying client handle...
[   0.033][d][user_input] Destroying client handle...
[   0.033][d][commands] Destroying client handle...
[   0.033][d][manager] Destroying client handle...
[   0.033][d][autosubsync] Destroying client handle...
[   0.033][d][context_menu] Destroying client handle...
[   0.033][d][trakt_scrobble] Destroying client handle...
[   0.033][d][pdf_hook] Destroying client handle...
[   0.033][d][autosubsync_mpv] Destroying client handle...
[   0.033][d][misc] Destroying client handle...
[   0.033][d][autochapters] Destroying client handle...
[   0.033][d][osd_clock] Destroying client handle...
[   0.033][d][multi_command_if] Destroying client handle...
[   0.033][d][mpv_anilist_updater] Destroying client handle...
[   0.033][d][autosub] Destroying client handle...
[   0.034][d][auto_profiles] Destroying client handle...
[   0.034][d][console] Destroying client handle...
[   0.034][d][on_top_only_while_playing] Destroying client handle...
[   0.034][d][SmartCopyPaste_II] Destroying client handle...
[   0.034][d][playlistmanager] Destroying client handle...
