Option vf-remove: item label @svp not found.
Option vf-remove: item label @svp not found.
Option af-toggle: Label audio-tweak not found
Option vf-toggle: Label svp not found
[osd_clock] interval:15m, format:%H:%M
[auto_profiles] Applying auto profile: SilenceSkip-inactive
Option af-toggle: Label audio-tweak not found
Option vf-toggle: Label svp not found
[skiptosilence] script-opts/skiptosilence.conf:4 unknown key 'quietness ', ignoring
[skiptosilence] script-opts/skiptosilence.conf:7 unknown key 'duration ', ignoring
[skiptosilence] script-opts/skiptosilence.conf:11 unknown key 'mutewhileskipping ', ignoring
[playlistmanager] auto showamount: 19
Resuming playback. This behavior can be disabled with --no-resume-playback.
Resuming playback. This behavior can be disabled with --no-resume-playback.
Playing: /home/tay/gdrive/Drive/webtorrent/The Americans (2013) Season 1-6 S01-S06 (1080p Mixed x265 HEVC 10bit EAC3 5.1 Silence)/Season 5 (AMZN WEB-DL)/The Americans (2013) - S05E03 - The Midges (1080p AMZN WEB-DL x265 Silence).mkv
 ● Video  --vid=1              (hevc 1920x1080 23.976 fps) [default]
 ● Audio  --aid=1  --alang=en  (eac3 6ch 48000 Hz)
 ● Subs   --sid=1  --slang=en  (subrip)
[dynamic_crop] File loaded.
[autosub] Reactivate external subtitle files:
[autochapters] Subprocess failed: init
[autochapters] autochapters: couldn't parse media filename, is guessit installed?
Track list:
 ● Video  --vid=1              (hevc 1920x1080 23.976 fps) [default]
 ● Audio  --aid=1  --alang=en  (eac3 6ch 48000 Hz)
 ● Subs   --sid=1  --slang=en  (subrip [Advanced Sub Station Alpha])
[autosub] English embedded subtitles active
[autosub] => NOT downloading new subtitles
Using hardware decoding (vaapi-copy).
AO: [pipewire] 48000Hz 2.1 3ch floatp
VO: [gpu-next] 1920x1080 yuv420p10
AV: 00:06:33 / 00:44:09 (15%) A-V:  0.000 Cache: 1985s/1265MB
AV: 00:06:33 / 00:44:09 (15%) A-V:  0.000 Cache: 2051s/1310MB
AV: 00:06:33 / 00:44:09 (15%) A-V:  0.000 Cache: 2123s/1356MB
AV: 00:06:33 / 00:44:09 (15%) A-V:  0.000 Cache: 2168s/1385MB
AV: 00:06:33 / 00:44:09 (15%) A-V:  0.000 Cache: 2252s/1419MB
(Paused) AV: 00:06:33 / 00:44:09 (15%) A-V:  0.000 Cache: 2252s/1419MB
AV: 00:06:33 / 00:44:09 (15%) A-V:  0.000 Cache: 2256s/1422MB
(...) AV: 00:06:33 / 00:44:09 (15%) A-V:  0.000 Cache: 2256s/1422MB
(...) AV: 00:06:33 / 00:44:09 (15%) A-V:  0.000 Cache: 2256s/1421MB
(...) AV: 00:06:33 / 00:44:09 (15%) A-V:  0.000 Cache: 2255s/1421MB
(...) AV: 00:06:33 / 00:44:09 (15%) A-V:  0.000 Cache: 2254s/1420MB
(...) AV: 00:06:33 / 00:44:09 (15%) A-V:  0.000 Cache: 2253s/1420MB
(...) AV: 00:06:33 / 00:44:09 (15%) A-V:  0.000 Cache: 2253s/1419MB
(...) AV: 00:06:33 / 00:44:09 (15%) A-V:  0.000 Cache: 2252s/1419MB
AV: 00:06:33 / 00:44:09 (15%) A-V: -0.000 Cache: 2252s/1419MB
AV: 00:06:33 / 00:44:09 (15%) A-V:  0.000 Cache: 2252s/1419MB
AV: 00:06:33 / 00:44:09 (15%) A-V:  0.000 Cache: 2251s/1419MB
AV: 00:06:34 / 00:44:09 (15%) A-V:  0.000 Cache: 2251s/1419MB
AV: 00:06:34 / 00:44:09 (15%) A-V:  0.000 Cache: 2251s/1418MB
AV: 00:06:34 / 00:44:09 (15%) A-V:  0.000 Cache: 2250s/1418MB
AV: 00:06:35 / 00:44:09 (15%) A-V:  0.000 Cache: 2250s/1418MB
AV: 00:06:35 / 00:44:09 (15%) A-V:  0.000 Cache: 2249s/1417MB
AV: 00:06:35 / 00:44:09 (15%) A-V:  0.000 Cache: 2250s/1417MB
AV: 00:06:35 / 00:44:09 (15%) A-V:  0.000 Cache: 2249s/1417MB
AV: 00:06:36 / 00:44:09 (15%) A-V:  0.000 Cache: 2249s/1417MB
AV: 00:06:36 / 00:44:09 (15%) A-V:  0.000 Cache: 2248s/1417MB
AV: 00:06:36 / 00:44:09 (15%) A-V:  0.000 Cache: 2249s/1417MB
AV: 00:06:36 / 00:44:09 (15%) A-V:  0.000 Cache: 2248s/1417MB
AV: 00:06:37 / 00:44:09 (15%) A-V:  0.000 Cache: 2248s/1417MB
AV: 00:06:37 / 00:44:09 (15%) A-V:  0.000 Cache: 2248s/1416MB
AV: 00:06:37 / 00:44:09 (15%) A-V:  0.000 Cache: 2247s/1416MB
AV: 00:06:37 / 00:44:09 (15%) A-V:  0.000 Cache: 2248s/1416MB
AV: 00:06:37 / 00:44:09 (15%) A-V:  0.000 Cache: 2247s/1416MB
AV: 00:06:38 / 00:44:09 (15%) A-V:  0.000 Cache: 2247s/1416MB
AV: 00:06:38 / 00:44:09 (15%) A-V:  0.006 Dropped: 1 Cache: 2247s/1416MB
AV: 00:06:38 / 00:44:09 (15%) A-V:  0.000 Dropped: 1 Cache: 2247s/1416MB
AV: 00:06:38 / 00:44:09 (15%) A-V:  0.000 Dropped: 1 Cache: 2246s/1416MB
AV: 00:06:38 / 00:44:09 (15%) A-V:  0.000 Dropped: 1 Cache: 2247s/1416MB
AV: 00:06:38 / 00:44:09 (15%) A-V:  0.000 Dropped: 1 Cache: 2246s/1416MB
AV: 00:06:39 / 00:44:09 (15%) A-V:  0.000 Dropped: 1 Cache: 2246s/1416MB
AV: 00:06:39 / 00:44:09 (15%) A-V:  0.000 Dropped: 1 Cache: 2246s/1415MB
AV: 00:06:39 / 00:44:09 (15%) A-V:  0.000 Dropped: 1 Cache: 2245s/1415MB
AV: 00:06:39 / 00:44:09 (15%) A-V:  0.000 Dropped: 1 Cache: 2246s/1415MB
AV: 00:06:39 / 00:44:09 (15%) A-V:  0.000 Dropped: 1 Cache: 2245s/1415MB
AV: 00:06:40 / 00:44:09 (15%) A-V:  0.000 Dropped: 1 Cache: 2245s/1415MB
AV: 00:06:40 / 00:44:09 (15%) A-V:  0.000 Dropped: 1 Cache: 2244s/1415MB
AV: 00:06:40 / 00:44:09 (15%) A-V:  0.000 Dropped: 1 Cache: 2245s/1415MB
AV: 00:06:40 / 00:44:09 (15%) A-V:  0.000 Dropped: 1 Cache: 2244s/1415MB
AV: 00:06:41 / 00:44:09 (15%) A-V:  0.000 Dropped: 1 Cache: 2244s/1414MB
AV: 00:06:41 / 00:44:09 (15%) A-V:  0.000 Dropped: 1 Cache: 2243s/1414MB
AV: 00:06:41 / 00:44:09 (15%) A-V:  0.000 Dropped: 1 Cache: 2244s/1414MB
AV: 00:06:41 / 00:44:09 (15%) A-V:  0.000 Dropped: 1 Cache: 2243s/1414MB
AV: 00:06:42 / 00:44:09 (15%) A-V:  0.000 Dropped: 1 Cache: 2243s/1414MB
AV: 00:06:42 / 00:44:09 (15%) A-V:  0.000 Dropped: 1 Cache: 2242s/1413MB
AV: 00:06:42 / 00:44:09 (15%) A-V:  0.000 Dropped: 1 Cache: 2243s/1413MB
AV: 00:06:42 / 00:44:09 (15%) A-V:  0.000 Dropped: 1 Cache: 2242s/1413MB
AV: 00:06:43 / 00:44:09 (15%) A-V:  0.000 Dropped: 1 Cache: 2242s/1413MB